../Core/Src/main.c:134:5:main	24	static
../Core/Src/main.c:250:6:SystemClock_Config	88	static
../Core/Src/main.c:292:13:MX_I2C1_Init	8	static
../Core/Src/main.c:326:13:MX_SPI1_Init	8	static
../Core/Src/main.c:364:13:MX_GPIO_Init	40	static
../Core/Src/main.c:411:6:StartDefaultTask	16	static
../Core/Src/main.c:429:6:StartTask02	16	static
../Core/Src/main.c:447:6:StartTask03	16	static
../Core/Src/main.c:465:6:StartTask04	16	static
../Core/Src/main.c:483:6:StartTask05	16	static
../Core/Src/main.c:498:6:Error_Handler	4	static,ignoring_inline_asm
